[backblue.gif]
[fade.gif]
[index.html]
[rn53themes.net/themes/matrimo/blog-details.56.delayed]
[rn53themes.net/themes/matrimo/images/fav.ico]
[rn53themes.net/themes/matrimo/about-us.59.delayed]
[rn53themes.net/themes/matrimo/images/loder/1.png]
[rn53themes.net/themes/matrimo/index.html]
[rn53themes.net/themes/matrimo/css/bootstrap.css]
[rn53themes.net/themes/matrimo/images/loder/2.png]
[rn53themes.net/themes/matrimo/images/loder/3.png]
[rn53themes.net/themes/matrimo/images/logo-b.png]
[rn53themes.net/themes/matrimo/images/profiles/1.jpg]
[rn53themes.net/themes/matrimo/css/font-awesome.min.css]
[rn53themes.net/themes/matrimo/images/couples/1.jpg]
[rn53themes.net/themes/matrimo/css/animate.min.css]
[rn53themes.net/themes/matrimo/images/couples/3.jpg]
[rn53themes.net/themes/matrimo/images/couples/4.jpg]
[rn53themes.net/themes/matrimo/images/leaf/long.70.delayed]
[rn53themes.net/themes/matrimo/images/icon/search.73.delayed]
[rn53themes.net/themes/matrimo/css/style.css]
[rn53themes.net/themes/matrimo/all-profiles.html]
[rn53themes.net/themes/matrimo/about.html]
[rn53themes.net/themes/matrimo/faq.html]
[rn53themes.net/themes/matrimo/images/ban-bg.jpg]
[rn53themes.net/themes/matrimo/images/banner.jpg]
[rn53themes.net/themes/matrimo/contact.html]
[rn53themes.net/themes/matrimo/images/icon/user.png]
[rn53themes.net/themes/matrimo/images/icon/gate.png]
[rn53themes.net/themes/matrimo/images/icon/couple.png]
[rn53themes.net/themes/matrimo/enquiry.html]
[rn53themes.net/themes/matrimo/images/icon/hall.png]
[rn53themes.net/themes/matrimo/images/icon/photo-camera.png]
[rn53themes.net/themes/matrimo/images/icon/cake.png]
[rn53themes.net/themes/matrimo/images/user/1.jpg]
[rn53themes.net/themes/matrimo/images/user/2.jpg]
[rn53themes.net/themes/matrimo/images/user/3.jpg]
[rn53themes.net/themes/matrimo/images/icon/prize.png]
[rn53themes.net/themes/matrimo/images/user/5.jpg]
[rn53themes.net/themes/matrimo/images/icon/trust.png]
[rn53themes.net/themes/matrimo/blog-detail.html]
[rn53themes.net/themes/matrimo/wedding.html]
[rn53themes.net/themes/matrimo/services.html]
[rn53themes.net/themes/matrimo/images/icon/rings.png]
[rn53themes.net/themes/matrimo/images/about/1.jpg]
[rn53themes.net/themes/matrimo/images/couples/20.jpg]
[rn53themes.net/themes/matrimo/images/icon/wedding-2.png]
[rn53themes.net/themes/matrimo/plans.html]
[rn53themes.net/themes/matrimo/images/icon/love-birds.png]
[rn53themes.net/themes/matrimo/images/icon/network.png]
[rn53themes.net/themes/matrimo/images/icon/chat.png]
[rn53themes.net/themes/matrimo/images/icon/wedding-couple.png]
[rn53themes.net/themes/matrimo/images/couples/6.jpg]
[rn53themes.net/themes/matrimo/images/couples/9.jpg]
[rn53themes.net/themes/matrimo/images/couples/7.jpg]
[rn53themes.net/themes/matrimo/images/couples/8.jpg]
[rn53themes.net/themes/matrimo/profile-details.html]
[rn53themes.net/themes/matrimo/wedding-video.html]
[rn53themes.net/themes/matrimo/images/couples/10.jpg]
[rn53themes.net/themes/matrimo/images/couples/5.jpg]
[rn53themes.net/themes/matrimo/images/profiles/6.jpg]
[rn53themes.net/themes/matrimo/images/profiles/7.jpg]
[rn53themes.net/themes/matrimo/login.html]
[rn53themes.net/themes/matrimo/images/profiles/8.jpg]
[rn53themes.net/themes/matrimo/images/profiles/9.jpg]
[rn53themes.net/themes/matrimo/images/gallery/1.jpg]
[rn53themes.net/themes/matrimo/images/gallery/9.jpg]
[rn53themes.net/themes/matrimo/images/gallery/3.jpg]
[rn53themes.net/themes/matrimo/images/gallery/4.jpg]
[rn53themes.net/themes/matrimo/images/gallery/5.jpg]
[rn53themes.net/themes/matrimo/images/gallery/6.jpg]
[rn53themes.net/themes/matrimo/sign-up.html]
[rn53themes.net/themes/matrimo/images/gallery/7.jpg]
[rn53themes.net/themes/matrimo/images/gallery/8.jpg]
[rn53themes.net/themes/matrimo/images/couples/11.jpg]
[rn53themes.net/themes/matrimo/images/blog/1.jpg]
[rn53themes.net/themes/matrimo/images/blog/2.jpg]
[rn53themes.net/themes/matrimo/images/blog/3.jpg]
[rn53themes.net/themes/matrimo/images/social/1.png]
[rn53themes.net/themes/matrimo/images/social/2.png]
[rn53themes.net/themes/matrimo/photo-gallery.html]
[rn53themes.net/themes/matrimo/images/social/3.png]
[rn53themes.net/themes/matrimo/images/social/5.png]
[rn53themes.net/themes/matrimo/js/jquery.min.js]
[rn53themes.net/themes/matrimo/js/popper.min.js]
[rn53themes.net/themes/matrimo/js/bootstrap.min.js]
[rn53themes.net/themes/matrimo/js/select-opt.js]
[rn53themes.net/themes/matrimo/js/slick.js]
[rn53themes.net/themes/matrimo/js/custom.js]
[rn53themes.net/themes/matrimo/photo-gallery-1.html]
[rn53themes.net/themes/matrimo/fonts/fontawesome-webfont3e6e.eot]
[rn53themes.net/themes/matrimo/fonts/fontawesome-webfontd41d.eot]
[rn53themes.net/themes/matrimo/fonts/fontawesome-webfont3e6e.woff2]
[rn53themes.net/themes/matrimo/fonts/fontawesome-webfont3e6e.woff]
[rn53themes.net/themes/matrimo/fonts/fontawesome-webfont3e6e.ttf]
[rn53themes.net/themes/matrimo/images/login-bg.png]
[rn53themes.net/themes/matrimo/images/gallery/2.jpg]
[rn53themes.net/themes/matrimo/images/profiles/4.jpg]
[rn53themes.net/themes/matrimo/images/leaf/1.png]
[rn53themes.net/themes/matrimo/images/profiles/2.jpg]
[rn53themes.net/themes/matrimo/blog.html]
[rn53themes.net/themes/matrimo/make-reservation.html]
[rn53themes.net/themes/matrimo/images/profiles/3.jpg]
[rn53themes.net/themes/matrimo/images/grass.png]
[rn53themes.net/themes/matrimo/images/couples/2.jpg]
[rn53themes.net/themes/matrimo/images/icon/chosen-sprite.png]
[rn53themes.net/themes/matrimo/images/tell-us.jpg]
[rn53themes.net/themes/matrimo/images/icon/why-us-1.png]
[rn53themes.net/themes/matrimo/css/style-mob.9e.delayed]
[rn53themes.net/themes/matrimo/coming-soon.html]
[rn53themes.net/themes/matrimo/404.html]
[rn53themes.net/themes/matrimo/images/icon/dot1.png]
[rn53themes.net/themes/matrimo/images/leaf/4.png]
[rn53themes.net/themes/matrimo/images/leaf/5.png]
[rn53themes.net/themes/matrimo/images/leaf/8.png]
[rn53themes.net/themes/matrimo/images/leaf/2.png]
[rn53themes.net/themes/matrimo/images/leaf/9.png]
[rn53themes.net/themes/matrimo/images/leaf/10.png]
[rn53themes.net/themes/matrimo/images/leaf/11.png]
[rn53themes.net/themes/matrimo/user-dashboard.html]
[rn53themes.net/themes/matrimo/user-profile.html]
[rn53themes.net/themes/matrimo/images/profiles/10.jpg]
[rn53themes.net/themes/matrimo/images/profiles/11.jpg]
[rn53themes.net/themes/matrimo/user-interests.html]
[rn53themes.net/themes/matrimo/images/profiles/12.jpg]
[rn53themes.net/themes/matrimo/images/profiles/13.jpg]
[rn53themes.net/themes/matrimo/user-chat.html]
[rn53themes.net/themes/matrimo/images/about/2.jpg]
[rn53themes.net/themes/matrimo/images/about/3.jpg]
[rn53themes.net/themes/matrimo/images/icon/telephone.png]
[rn53themes.net/themes/matrimo/images/login-couple.png]
[rn53themes.net/themes/matrimo/user-plan.html]
[rn53themes.net/themes/matrimo/js/mail.js]
[rn53themes.net/themes/matrimo/js/jquery.validate.min.js]
[rn53themes.net/themes/matrimo/images/couples/18.jpg]
[cdn-icons-png.flaticon.com/512/6349/6349282.png]
[rn53themes.net/themes/matrimo/images/icon/wedding-1.png]
[rn53themes.net/themes/matrimo/images/icon/wedding-4.png]
[rn53themes.net/themes/matrimo/images/icon/wedding-5.png]
[rn53themes.net/themes/matrimo/user-my-matches.a8.delayed]
[rn53themes.net/themes/matrimo/user-setting.html]
[rn53themes.net/themes/matrimo/images/icon/wedding-6.png]
[rn53themes.net/themes/matrimo/user-profile-edit.html]
[rn53themes.net/themes/matrimo/images/icon/wedding-7.png]
[rn53themes.net/themes/matrimo/images/icon/wedding-8.png]
[rn53themes.net/themes/matrimo/images/couples/19.jpg]
[rn53themes.net/themes/matrimo/images/icon/search.svg]
[rn53themes.net/themes/matrimo/images/couples/14.jpg]
[rn53themes.net/themes/matrimo/images/couples/15.jpg]
[rn53themes.net/themes/matrimo/images/icon/users.svg]
[rn53themes.net/themes/matrimo/images/couples/16.jpg]
[rn53themes.net/themes/matrimo/images/couples/17.jpg]
[rn53themes.net/themes/matrimo/images/couples/22.jpg]
[rn53themes.net/themes/matrimo/images/icon/menu.svg]
[rn53themes.net/themes/matrimo/images/couples/21.jpg]
[rn53themes.net/themes/matrimo/images/profiles/profile-large.jpg]
[rn53themes.net/themes/matrimo/images/icon/pro-city.png]
[rn53themes.net/themes/matrimo/images/icon/close.svg]
[rn53themes.net/themes/matrimo/images/icon/pro-age.png]
[rn53themes.net/themes/matrimo/js/gallery.js]
[rn53themes.net/themes/matrimo/images/user/4.jpg]
[rn53themes.net/themes/matrimo/images/profiles/14.jpg]
[rn53themes.net/themes/matrimo/blog-details.html]
[rn53themes.net/themes/matrimo/images/profiles/16.jpg]
[rn53themes.net/themes/matrimo/about-us.html]
[rn53themes.net/themes/matrimo/images/profiles/5.jpg]
[rn53themes.net/themes/matrimo/images/icon/plan.png]
[rn53themes.net/themes/matrimo/images/profiles/men1.jpg]
[rn53themes.net/themes/matrimo/fonts/fontawesome-webfont3e6e.svg]
[rn53themes.net/themes/matrimo/images/profiles/men2.jpg]
[rn53themes.net/themes/matrimo/images/profiles/men3.jpg]
[rn53themes.net/themes/matrimo/images/profiles/men4.jpg]
[rn53themes.net/themes/matrimo/images/profiles/men5.jpg]
[rn53themes.net/themes/matrimo/images/leaf/long.html]
[rn53themes.net/themes/matrimo/images/icon/search.html]
[rn53themes.net/themes/matrimo/css/style-mob.html]
[rn53themes.net/themes/matrimo/js/Chart.js]
[rn53themes.net/themes/matrimo/user-my-matches.html]
[rn53themes.net/themes/matrimo/images/profiles/15.jpg]
